[2026-09-24 07:32:02] Puller demarre — dest: data/converged/relaunch_20260924
[2026-09-24 07:50:19] Puller v3 demarre — dest: data/converged/relaunch_20260924
[2026-09-24 07:50:23] V0.2: process termine SANS HDF5 (crash ?) — marque missing.
[2026-09-24 07:50:23] Etat : 0/7 HDF5, 1 missing, 0/7 vals.
[2026-09-24 07:53:22] Puller v4 demarre — dest: data/converged/relaunch_20260924
[2026-09-24 07:53:24] Etat : 0/7 HDF5, 0 missing, 0/7 vals.
[2026-09-24 07:55:10] Puller v4 demarre — dest: data/converged/relaunch_20260924
[2026-09-24 07:55:13] Etat : 0/7 HDF5, 0 missing, 0/7 vals.
[2026-09-24 07:57:31] Puller v4 demarre — dest: data/converged/relaunch_20260924
[2026-09-24 07:57:33] Etat : 0/7 HDF5, 0 missing, 0/7 vals.
[2026-09-24 07:57:33] Mode --once : cycle termine.
[2026-09-24 08:00:01] Puller v4 demarre — dest: data/converged/relaunch_20260924
[2026-09-24 08:00:04] Etat : 0/7 HDF5, 0 missing, 0/7 vals.
[2026-09-24 08:00:04] Mode --once : cycle termine.
[2026-09-24 08:10:01] Puller v4 demarre — dest: data/converged/relaunch_20260924
[2026-09-24 08:10:04] Etat : 0/7 HDF5, 0 missing, 0/7 vals.
[2026-09-24 08:10:04] Mode --once : cycle termine.
[2026-09-24 08:20:01] Puller v4 demarre — dest: data/converged/relaunch_20260924
[2026-09-24 08:20:03] Etat : 0/7 HDF5, 0 missing, 0/7 vals.
[2026-09-24 08:20:03] Mode --once : cycle termine.
[2026-09-24 08:30:01] Puller v4 demarre — dest: data/converged/relaunch_20260924
[2026-09-24 08:30:04] Etat : 0/7 HDF5, 0 missing, 0/7 vals.
[2026-09-24 08:30:04] Mode --once : cycle termine.
[2026-09-24 08:40:01] Puller v4 demarre — dest: data/converged/relaunch_20260924
[2026-09-24 08:40:03] Etat : 0/7 HDF5, 0 missing, 0/7 vals.
[2026-09-24 08:40:03] Mode --once : cycle termine.
[2026-09-24 08:50:01] Puller v4 demarre — dest: data/converged/relaunch_20260924
[2026-09-24 08:50:03] Etat : 0/7 HDF5, 0 missing, 0/7 vals.
[2026-09-24 08:50:03] Mode --once : cycle termine.
[2026-09-24 09:00:01] Puller v4 demarre — dest: data/converged/relaunch_20260924
[2026-09-24 09:00:04] Etat : 0/7 HDF5, 0 missing, 0/7 vals.
[2026-09-24 09:00:04] Mode --once : cycle termine.
[2026-09-24 09:10:01] Puller v4 demarre — dest: data/converged/relaunch_20260924
[2026-09-24 09:10:03] Etat : 0/7 HDF5, 0 missing, 0/7 vals.
[2026-09-24 09:10:03] Mode --once : cycle termine.
[2026-09-24 09:20:01] Puller v4 demarre — dest: data/converged/relaunch_20260924
[2026-09-24 09:20:03] Etat : 0/7 HDF5, 0 missing, 0/7 vals.
[2026-09-24 09:20:03] Mode --once : cycle termine.
[2026-09-24 09:30:01] Puller v4 demarre — dest: data/converged/relaunch_20260924
[2026-09-24 09:30:04] Etat : 0/7 HDF5, 0 missing, 0/7 vals.
[2026-09-24 09:30:04] Mode --once : cycle termine.
[2026-09-24 09:40:01] Puller v4 demarre — dest: data/converged/relaunch_20260924
[2026-09-24 09:40:04] Etat : 0/7 HDF5, 0 missing, 0/7 vals.
[2026-09-24 09:40:05] Mode --once : cycle termine.
[2026-09-24 09:50:01] Puller v4 demarre — dest: data/converged/relaunch_20260924
[2026-09-24 09:50:03] Etat : 0/7 HDF5, 0 missing, 0/7 vals.
[2026-09-24 09:50:03] Mode --once : cycle termine.
[2026-09-24 10:00:01] Puller v4 demarre — dest: data/converged/relaunch_20260924
[2026-09-24 10:00:03] Etat : 0/7 HDF5, 0 missing, 0/7 vals.
[2026-09-24 10:00:03] Mode --once : cycle termine.
[2026-09-24 10:10:01] Puller v4 demarre — dest: data/converged/relaunch_20260924
[2026-09-24 10:10:05] Etat : 0/7 HDF5, 0 missing, 0/7 vals.
[2026-09-24 10:10:05] Mode --once : cycle termine.
[2026-09-24 10:20:01] Puller v4 demarre — dest: data/converged/relaunch_20260924
[2026-09-24 10:20:04] Etat : 0/7 HDF5, 0 missing, 0/7 vals.
[2026-09-24 10:20:04] Mode --once : cycle termine.
[2026-09-24 10:30:01] Puller v4 demarre — dest: data/converged/relaunch_20260924
[2026-09-24 10:30:04] Etat : 0/7 HDF5, 0 missing, 0/7 vals.
[2026-09-24 10:30:04] Mode --once : cycle termine.
[2026-09-24 10:40:01] Puller v4 demarre — dest: data/converged/relaunch_20260924
[2026-09-24 10:40:05] Etat : 0/7 HDF5, 0 missing, 0/7 vals.
[2026-09-24 10:40:05] Mode --once : cycle termine.
[2026-09-24 10:50:01] Puller v4 demarre — dest: data/converged/relaunch_20260924
[2026-09-24 10:50:04] Etat : 0/7 HDF5, 0 missing, 0/7 vals.
[2026-09-24 10:50:04] Mode --once : cycle termine.
[2026-09-24 11:00:01] Puller v4 demarre — dest: data/converged/relaunch_20260924
[2026-09-24 11:00:03] Etat : 0/7 HDF5, 0 missing, 0/7 vals.
[2026-09-24 11:00:03] Mode --once : cycle termine.
[2026-09-24 11:10:01] Puller v4 demarre — dest: data/converged/relaunch_20260924
[2026-09-24 11:10:04] Etat : 0/7 HDF5, 0 missing, 0/7 vals.
[2026-09-24 11:10:04] Mode --once : cycle termine.
[2026-09-24 11:20:01] Puller v4 demarre — dest: data/converged/relaunch_20260924
[2026-09-24 11:20:04] Etat : 0/7 HDF5, 0 missing, 0/7 vals.
[2026-09-24 11:20:04] Mode --once : cycle termine.
[2026-09-24 11:30:01] Puller v4 demarre — dest: data/converged/relaunch_20260924
[2026-09-24 11:30:03] Etat : 0/7 HDF5, 0 missing, 0/7 vals.
[2026-09-24 11:30:03] Mode --once : cycle termine.
[2026-09-24 11:40:01] Puller v4 demarre — dest: data/converged/relaunch_20260924
[2026-09-24 11:40:04] Etat : 0/7 HDF5, 0 missing, 0/7 vals.
[2026-09-24 11:40:04] Mode --once : cycle termine.
[2026-09-24 11:50:01] Puller v4 demarre — dest: data/converged/relaunch_20260924
[2026-09-24 11:50:03] Etat : 0/7 HDF5, 0 missing, 0/7 vals.
[2026-09-24 11:50:03] Mode --once : cycle termine.
[2026-09-24 12:00:01] Puller v4 demarre — dest: data/converged/relaunch_20260924
[2026-09-24 12:00:04] Etat : 0/7 HDF5, 0 missing, 0/7 vals.
[2026-09-24 12:00:04] Mode --once : cycle termine.
[2026-09-24 12:10:01] Puller v4 demarre — dest: data/converged/relaunch_20260924
[2026-09-24 12:10:04] Etat : 0/7 HDF5, 0 missing, 0/7 vals.
[2026-09-24 12:10:04] Mode --once : cycle termine.
[2026-09-24 12:20:01] Puller v4 demarre — dest: data/converged/relaunch_20260924
[2026-09-24 12:20:04] Etat : 0/7 HDF5, 0 missing, 0/7 vals.
[2026-09-24 12:20:04] Mode --once : cycle termine.
[2026-09-24 12:30:01] Puller v4 demarre — dest: data/converged/relaunch_20260924
[2026-09-24 12:30:03] Etat : 0/7 HDF5, 0 missing, 0/7 vals.
[2026-09-24 12:30:03] Mode --once : cycle termine.
[2026-09-24 12:40:01] Puller v4 demarre — dest: data/converged/relaunch_20260924
[2026-09-24 12:40:03] Etat : 0/7 HDF5, 0 missing, 0/7 vals.
[2026-09-24 12:40:03] Mode --once : cycle termine.
[2026-09-24 12:50:01] Puller v4 demarre — dest: data/converged/relaunch_20260924
[2026-09-24 12:50:04] Etat : 0/7 HDF5, 0 missing, 0/7 vals.
[2026-09-24 12:50:04] Mode --once : cycle termine.
[2026-09-24 13:00:01] Puller v4 demarre — dest: data/converged/relaunch_20260924
[2026-09-24 13:00:03] Etat : 0/7 HDF5, 0 missing, 0/7 vals.
[2026-09-24 13:00:03] Mode --once : cycle termine.
[2026-09-24 13:10:01] Puller v4 demarre — dest: data/converged/relaunch_20260924
[2026-09-24 13:10:04] Etat : 0/7 HDF5, 0 missing, 0/7 vals.
[2026-09-24 13:10:04] Mode --once : cycle termine.
[2026-09-24 13:20:01] Puller v4 demarre — dest: data/converged/relaunch_20260924
[2026-09-24 13:20:04] Etat : 0/7 HDF5, 0 missing, 0/7 vals.
[2026-09-24 13:20:04] Mode --once : cycle termine.
[2026-09-24 13:30:01] Puller v4 demarre — dest: data/converged/relaunch_20260924
[2026-09-24 13:30:05] Etat : 0/7 HDF5, 0 missing, 0/7 vals.
[2026-09-24 13:30:05] Mode --once : cycle termine.
[2026-09-24 13:40:01] Puller v4 demarre — dest: data/converged/relaunch_20260924
[2026-09-24 13:40:04] Etat : 0/7 HDF5, 0 missing, 0/7 vals.
[2026-09-24 13:40:04] Mode --once : cycle termine.
[2026-09-24 13:50:01] Puller v4 demarre — dest: data/converged/relaunch_20260924
[2026-09-24 13:50:04] V1.0: process termine — pull.
[2026-09-24 13:50:07] V1.0: HDF5 rapatrie.
[2026-09-24 13:50:09] V1.0: rc_yield=0.079318,sum_trapped_pop=2.6439,n_frames=5000,t_max_fs=nan | phi_ft_log=0.0793
[2026-09-24 13:50:09] Etat : 1/7 HDF5, 0 missing, 1/7 vals.
[2026-09-24 13:50:09] Mode --once : cycle termine.
[2026-09-24 14:00:01] Puller v4 demarre — dest: data/converged/relaunch_20260924
[2026-09-24 14:00:05] Etat : 1/7 HDF5, 0 missing, 1/7 vals.
[2026-09-24 14:00:05] Mode --once : cycle termine.
[2026-09-24 14:10:01] Puller v4 demarre — dest: data/converged/relaunch_20260924
[2026-09-24 14:10:05] V1.4: process termine — pull.
[2026-09-24 14:10:11] V1.4: HDF5 rapatrie.
[2026-09-24 14:10:13] V1.4: rc_yield=0.079098,sum_trapped_pop=2.6366,n_frames=5000,t_max_fs=nan | phi_ft_log=0.0791
[2026-09-24 14:10:13] Etat : 2/7 HDF5, 0 missing, 2/7 vals.
[2026-09-24 14:10:13] Mode --once : cycle termine.
[2026-09-24 14:20:01] Puller v4 demarre — dest: data/converged/relaunch_20260924
[2026-09-24 14:20:03] V1.2: process termine — pull.
[2026-09-24 14:20:07] V1.2: HDF5 rapatrie.
[2026-09-24 14:20:09] V1.2: rc_yield=0.079928,sum_trapped_pop=2.6643,n_frames=5000,t_max_fs=nan | phi_ft_log=0.0799
[2026-09-24 14:20:09] Etat : 3/7 HDF5, 0 missing, 3/7 vals.
[2026-09-24 14:20:09] Mode --once : cycle termine.
[2026-09-24 14:30:01] Puller v4 demarre — dest: data/converged/relaunch_20260924
[2026-09-24 14:30:04] V0.4: process termine — pull.
[2026-09-24 14:30:07] V0.4: HDF5 rapatrie.
[2026-09-24 14:30:09] V0.4: rc_yield=0.061008,sum_trapped_pop=2.0336,n_frames=5000,t_max_fs=nan | phi_ft_log=0.0610
[2026-09-24 14:30:09] Etat : 4/7 HDF5, 0 missing, 4/7 vals.
[2026-09-24 14:30:09] Mode --once : cycle termine.
[2026-09-24 14:40:01] Puller v4 demarre — dest: data/converged/relaunch_20260924
[2026-09-24 14:40:04] V0.8: process termine — pull.
[2026-09-24 14:40:07] V0.8: HDF5 rapatrie.
[2026-09-24 14:40:08] V0.8: rc_yield=0.076121,sum_trapped_pop=2.5374,n_frames=5000,t_max_fs=nan | phi_ft_log=0.0761
[2026-09-24 14:40:08] Etat : 5/7 HDF5, 0 missing, 5/7 vals.
[2026-09-24 14:40:08] Mode --once : cycle termine.
[2026-09-24 14:50:01] Puller v4 demarre — dest: data/converged/relaunch_20260924
[2026-09-24 14:50:06] V0.6: process termine — pull.
[2026-09-24 14:50:09] V0.6: HDF5 rapatrie.
[2026-09-24 14:50:11] V0.6: rc_yield=0.073126,sum_trapped_pop=2.4375,n_frames=5000,t_max_fs=nan | phi_ft_log=0.0731
[2026-09-24 14:50:11] Etat : 6/7 HDF5, 0 missing, 6/7 vals.
[2026-09-24 14:50:11] Mode --once : cycle termine.
[2026-09-24 15:00:01] Puller v4 demarre — dest: data/converged/relaunch_20260924
[2026-09-24 15:00:04] Etat : 6/7 HDF5, 0 missing, 6/7 vals.
[2026-09-24 15:00:04] Mode --once : cycle termine.
[2026-09-24 15:10:01] Puller v4 demarre — dest: data/converged/relaunch_20260924
[2026-09-24 15:10:04] V0.2: process termine — pull.
[2026-09-24 15:10:09] V0.2: HDF5 rapatrie.
[2026-09-24 15:10:10] V0.2: rc_yield=0.048595,sum_trapped_pop=1.6198,n_frames=5000,t_max_fs=nan | phi_ft_log=0.0486
[2026-09-24 15:10:10] Etat : 7/7 HDF5, 0 missing, 7/7 vals.
[2026-09-24 15:10:10] V0.2: 0.048595 vs canon 0.0505 — OK (ecart -0.0019)
[2026-09-24 15:10:10] V0.4: 0.061008 vs canon 0.0605 — OK (ecart +0.0005)
[2026-09-24 15:10:10] V0.6: 0.073126 vs canon 0.0727 — OK (ecart +0.0004)
[2026-09-24 15:10:10] V0.8: 0.076121 vs canon 0.0761 — OK (ecart +0.0000)
[2026-09-24 15:10:10] V1.2: 0.079928 vs canon 0.0799 — OK (ecart +0.0000)
[2026-09-24 15:10:10] V1.4: monotonie VIOLEE (0.079928 > 0.079098)
[2026-09-24 15:10:10] VERDICT : ECARTS DETECTES — canon_verdict_20260924.txt
vol_nm3,rc_yield_h5,phi_ft_log_run,sum_trapped_pop,n_frames
0.2,0.048595,0.0486,1.6198,5000
0.4,0.061008,0.0610,2.0336,5000
0.6,0.073126,0.0731,2.4375,5000
0.8,0.076121,0.0761,2.5374,5000
1.0,0.079318,0.0793,2.6439,5000
1.2,0.079928,0.0799,2.6643,5000
1.4,0.079098,0.0791,2.6366,5000
[2026-09-24 15:20:01] Deja complet (pull_relaunch_20260924.done present) — rien a faire.
[2026-09-24 15:30:01] Deja complet (pull_relaunch_20260924.done present) — rien a faire.
[2026-09-24 15:40:01] Deja complet (pull_relaunch_20260924.done present) — rien a faire.
[2026-09-24 15:50:02] Deja complet (pull_relaunch_20260924.done present) — rien a faire.
[2026-09-24 16:00:01] Deja complet (pull_relaunch_20260924.done present) — rien a faire.
[2026-09-24 16:10:01] Deja complet (pull_relaunch_20260924.done present) — rien a faire.
[2026-09-24 16:20:01] Deja complet (pull_relaunch_20260924.done present) — rien a faire.
[2026-09-24 16:30:01] Deja complet (pull_relaunch_20260924.done present) — rien a faire.
[2026-09-24 16:40:01] Deja complet (pull_relaunch_20260924.done present) — rien a faire.
[2026-09-24 16:50:01] Deja complet (pull_relaunch_20260924.done present) — rien a faire.
[2026-09-24 17:00:01] Deja complet (pull_relaunch_20260924.done present) — rien a faire.
[2026-09-24 17:10:01] Deja complet (pull_relaunch_20260924.done present) — rien a faire.
[2026-09-24 17:20:01] Deja complet (pull_relaunch_20260924.done present) — rien a faire.
[2026-09-24 17:30:01] Deja complet (pull_relaunch_20260924.done present) — rien a faire.
[2026-09-24 17:40:01] Deja complet (pull_relaunch_20260924.done present) — rien a faire.
[2026-09-24 17:50:01] Deja complet (pull_relaunch_20260924.done present) — rien a faire.
[2026-09-24 18:00:01] Deja complet (pull_relaunch_20260924.done present) — rien a faire.
[2026-09-24 18:10:01] Deja complet (pull_relaunch_20260924.done present) — rien a faire.
[2026-09-24 18:20:01] Deja complet (pull_relaunch_20260924.done present) — rien a faire.
[2026-09-24 18:30:01] Deja complet (pull_relaunch_20260924.done present) — rien a faire.
[2026-09-24 18:40:01] Deja complet (pull_relaunch_20260924.done present) — rien a faire.
[2026-09-24 18:50:01] Deja complet (pull_relaunch_20260924.done present) — rien a faire.
[2026-09-24 19:00:01] Deja complet (pull_relaunch_20260924.done present) — rien a faire.
[2026-09-24 19:10:01] Deja complet (pull_relaunch_20260924.done present) — rien a faire.
[2026-09-24 19:20:01] Deja complet (pull_relaunch_20260924.done present) — rien a faire.
[2026-09-24 19:30:01] Deja complet (pull_relaunch_20260924.done present) — rien a faire.
[2026-09-24 19:40:01] Deja complet (pull_relaunch_20260924.done present) — rien a faire.
[2026-09-24 19:50:01] Deja complet (pull_relaunch_20260924.done present) — rien a faire.
[2026-09-24 20:00:01] Deja complet (pull_relaunch_20260924.done present) — rien a faire.
[2026-09-24 20:10:01] Deja complet (pull_relaunch_20260924.done present) — rien a faire.
[2026-09-24 20:20:01] Deja complet (pull_relaunch_20260924.done present) — rien a faire.
[2026-09-24 20:30:01] Deja complet (pull_relaunch_20260924.done present) — rien a faire.
[2026-09-24 20:40:01] Deja complet (pull_relaunch_20260924.done present) — rien a faire.
[2026-09-24 20:50:01] Deja complet (pull_relaunch_20260924.done present) — rien a faire.
[2026-09-24 21:00:01] Deja complet (pull_relaunch_20260924.done present) — rien a faire.
[2026-09-24 21:10:01] Deja complet (pull_relaunch_20260924.done present) — rien a faire.
[2026-09-24 21:20:01] Deja complet (pull_relaunch_20260924.done present) — rien a faire.
[2026-09-24 21:30:01] Deja complet (pull_relaunch_20260924.done present) — rien a faire.
[2026-09-24 21:40:01] Deja complet (pull_relaunch_20260924.done present) — rien a faire.
[2026-09-24 21:50:01] Deja complet (pull_relaunch_20260924.done present) — rien a faire.
[2026-09-24 22:00:01] Deja complet (pull_relaunch_20260924.done present) — rien a faire.
[2026-09-24 22:10:01] Deja complet (pull_relaunch_20260924.done present) — rien a faire.
[2026-09-24 22:20:01] Deja complet (pull_relaunch_20260924.done present) — rien a faire.
[2026-09-24 22:30:01] Deja complet (pull_relaunch_20260924.done present) — rien a faire.
[2026-09-24 22:40:01] Deja complet (pull_relaunch_20260924.done present) — rien a faire.
[2026-09-24 22:50:01] Deja complet (pull_relaunch_20260924.done present) — rien a faire.
[2026-09-24 23:00:01] Deja complet (pull_relaunch_20260924.done present) — rien a faire.
[2026-09-24 23:10:01] Deja complet (pull_relaunch_20260924.done present) — rien a faire.
[2026-09-24 23:20:01] Deja complet (pull_relaunch_20260924.done present) — rien a faire.
[2026-09-24 23:30:01] Deja complet (pull_relaunch_20260924.done present) — rien a faire.
[2026-09-24 23:40:01] Deja complet (pull_relaunch_20260924.done present) — rien a faire.
[2026-09-24 23:50:01] Deja complet (pull_relaunch_20260924.done present) — rien a faire.
[2026-09-25 00:00:01] Deja complet (pull_relaunch_20260924.done present) — rien a faire.
[2026-09-25 00:10:01] Deja complet (pull_relaunch_20260924.done present) — rien a faire.
[2026-09-25 00:20:01] Deja complet (pull_relaunch_20260924.done present) — rien a faire.
[2026-09-25 00:30:01] Deja complet (pull_relaunch_20260924.done present) — rien a faire.
[2026-09-25 00:40:01] Deja complet (pull_relaunch_20260924.done present) — rien a faire.
[2026-09-25 00:50:01] Deja complet (pull_relaunch_20260924.done present) — rien a faire.
[2026-09-25 01:00:01] Deja complet (pull_relaunch_20260924.done present) — rien a faire.
[2026-09-25 01:10:01] Deja complet (pull_relaunch_20260924.done present) — rien a faire.
[2026-09-25 01:20:01] Deja complet (pull_relaunch_20260924.done present) — rien a faire.
[2026-09-25 01:30:01] Deja complet (pull_relaunch_20260924.done present) — rien a faire.
[2026-09-25 01:40:01] Deja complet (pull_relaunch_20260924.done present) — rien a faire.
[2026-09-25 01:50:01] Deja complet (pull_relaunch_20260924.done present) — rien a faire.
[2026-09-25 02:00:01] Deja complet (pull_relaunch_20260924.done present) — rien a faire.
[2026-09-25 02:10:01] Deja complet (pull_relaunch_20260924.done present) — rien a faire.
[2026-09-25 02:20:01] Deja complet (pull_relaunch_20260924.done present) — rien a faire.
[2026-09-25 02:30:01] Deja complet (pull_relaunch_20260924.done present) — rien a faire.
[2026-09-25 02:40:02] Deja complet (pull_relaunch_20260924.done present) — rien a faire.
[2026-09-25 02:50:01] Deja complet (pull_relaunch_20260924.done present) — rien a faire.
[2026-09-25 03:00:01] Deja complet (pull_relaunch_20260924.done present) — rien a faire.
[2026-09-25 03:10:01] Deja complet (pull_relaunch_20260924.done present) — rien a faire.
[2026-09-25 03:20:01] Deja complet (pull_relaunch_20260924.done present) — rien a faire.
[2026-09-25 03:30:01] Deja complet (pull_relaunch_20260924.done present) — rien a faire.
[2026-09-25 03:40:01] Deja complet (pull_relaunch_20260924.done present) — rien a faire.
[2026-09-25 03:50:01] Deja complet (pull_relaunch_20260924.done present) — rien a faire.
[2026-09-25 04:00:01] Deja complet (pull_relaunch_20260924.done present) — rien a faire.
[2026-09-25 04:10:01] Deja complet (pull_relaunch_20260924.done present) — rien a faire.
[2026-09-25 04:20:01] Deja complet (pull_relaunch_20260924.done present) — rien a faire.
[2026-09-25 04:30:01] Deja complet (pull_relaunch_20260924.done present) — rien a faire.
[2026-09-25 04:40:01] Deja complet (pull_relaunch_20260924.done present) — rien a faire.
[2026-09-25 04:50:01] Deja complet (pull_relaunch_20260924.done present) — rien a faire.
[2026-09-25 05:00:01] Deja complet (pull_relaunch_20260924.done present) — rien a faire.
[2026-09-25 05:10:01] Deja complet (pull_relaunch_20260924.done present) — rien a faire.
[2026-09-25 05:20:01] Deja complet (pull_relaunch_20260924.done present) — rien a faire.
[2026-09-25 05:30:01] Deja complet (pull_relaunch_20260924.done present) — rien a faire.
[2026-09-25 05:40:01] Deja complet (pull_relaunch_20260924.done present) — rien a faire.
[2026-09-25 05:50:01] Deja complet (pull_relaunch_20260924.done present) — rien a faire.
[2026-09-25 06:00:02] Deja complet (pull_relaunch_20260924.done present) — rien a faire.
[2026-09-25 06:10:01] Deja complet (pull_relaunch_20260924.done present) — rien a faire.
[2026-09-25 06:20:01] Deja complet (pull_relaunch_20260924.done present) — rien a faire.
[2026-09-25 06:30:01] Deja complet (pull_relaunch_20260924.done present) — rien a faire.
[2026-09-25 06:40:01] Deja complet (pull_relaunch_20260924.done present) — rien a faire.
[2026-09-25 06:50:01] Deja complet (pull_relaunch_20260924.done present) — rien a faire.
[2026-09-25 07:00:01] Deja complet (pull_relaunch_20260924.done present) — rien a faire.
[2026-09-25 07:10:01] Deja complet (pull_relaunch_20260924.done present) — rien a faire.
[2026-09-25 07:20:01] Deja complet (pull_relaunch_20260924.done present) — rien a faire.
[2026-09-25 07:30:01] Deja complet (pull_relaunch_20260924.done present) — rien a faire.
[2026-09-25 07:40:01] Deja complet (pull_relaunch_20260924.done present) — rien a faire.
[2026-09-25 07:50:01] Deja complet (pull_relaunch_20260924.done present) — rien a faire.
[2026-09-25 08:00:01] Deja complet (pull_relaunch_20260924.done present) — rien a faire.
[2026-09-25 08:10:01] Deja complet (pull_relaunch_20260924.done present) — rien a faire.
[2026-09-25 08:20:01] Deja complet (pull_relaunch_20260924.done present) — rien a faire.
[2026-09-25 08:30:01] Deja complet (pull_relaunch_20260924.done present) — rien a faire.
[2026-09-25 08:40:01] Deja complet (pull_relaunch_20260924.done present) — rien a faire.
[2026-09-25 08:50:01] Deja complet (pull_relaunch_20260924.done present) — rien a faire.
[2026-09-25 09:00:01] Deja complet (pull_relaunch_20260924.done present) — rien a faire.
[2026-09-25 09:10:01] Deja complet (pull_relaunch_20260924.done present) — rien a faire.
[2026-09-25 09:20:01] Deja complet (pull_relaunch_20260924.done present) — rien a faire.
[2026-09-25 09:30:01] Deja complet (pull_relaunch_20260924.done present) — rien a faire.
